Skasoćwany
Doądane
Kolejne dodane ż
Dodane
Kolejne dodane śś
